C166 COMPILER V7.57.0, MAIN                                                                06/17/2018 16:36:07 PAGE 1   


C166 COMPILER V7.57.0, COMPILATION OF MODULE MAIN
OBJECT MODULE PLACED IN .\Objects\main.obj
COMPILER INVOKED BY: C:\Keil_v5\C166\BIN\C166.EXE main.c MODV2 BROWSE MODV2 MODV2 DEBUG PRINT(.\Listings\main.lst) TABS(
                    -2) OBJECT(.\Objects\main.obj) 

 stmt lvl     source

    1         #include <stdio.h>
    2         #include "XE164F_HS.h"
    3         
    4         void t3Init() {
    5  1          void t3power(void);
    6  1      }
    7         
    8         void portInit() {
    9  1          // INPUT setzen
   10  1          P0_IOCR00 = 0; //S1
   11  1          P0_IOCR01 = 0; //S2
   12  1          P0_IOCR02 = 0; //T1
   13  1          P0_IOCR03 = 0; //T2
   14  1      
   15  1          // OUTPUT setzen
   16  1          P0_IOCR04 = 1; //LED1
   17  1          P0_IOCR05 = 1; //LED2
   18  1          P0_IOCR06 = 1; //LED3
   19  1          P0_IOCR07 = 1; //LED4
   20  1      }
   21         
   22         
   23         void main(void) {
   24  1          t3Init();
   25  1          portInit();
   26  1      
   27  1          while (1) {
   28  2              if (P0_IOCR00) {
   29  3                  if (P0_IOCR02) {
   30  4                      P0_IOCR04 &= ~P0_IOCR04;
   31  4                      //T3 in LED3 kopieren
   32  4                  } else {
   33  4                      P0_IOCR04 |= P0_IOCR04;
   34  4                      //T3 in LED3 kopieren
   35  4                  }
   36  3              }
   37  2      
   38  2              if (P0_IOCR01) {
   39  3                  if (P0_IOCR03) {
   40  4                      P0_IOCR05 &= ~P0_IOCR05;
   41  4                      //T3 in LED3 kopieren
   42  4                  } else {
   43  4                      P0_IOCR05 |= P0_IOCR05;
   44  4                      //T3 in LED3 kopieren
   45  4                  }
   46  3              }
   47  2          }
   48  1      }


MODULE INFORMATION:   INITIALIZED  UNINITIALIZED
  CODE SIZE        =         134     --------
  NEAR-CONST SIZE  =    --------     --------
  FAR-CONST SIZE   =    --------     --------
C166 COMPILER V7.57.0, MAIN                                                                06/17/2018 16:36:07 PAGE 2   

  HUGE-CONST SIZE  =    --------     --------
  XHUGE-CONST SIZE =    --------     --------
  NEAR-DATA SIZE   =    --------     --------
  FAR-DATA SIZE    =    --------     --------
  XHUGE-DATA SIZE  =    --------     --------
  IDATA-DATA SIZE  =    --------     --------
  SDATA-DATA SIZE  =    --------     --------
  BDATA-DATA SIZE  =    --------     --------
  HUGE-DATA SIZE   =    --------     --------
  BIT SIZE         =    --------     --------
  INIT'L SIZE      =    --------     --------
END OF MODULE INFORMATION.


C166 COMPILATION COMPLETE.  0 WARNING(S),  0 ERROR(S)
