C166 COMPILER V7.57.0, MAIN                                                                06/17/2018 15:54:48 PAGE 1   


C166 COMPILER V7.57.0, COMPILATION OF MODULE MAIN
OBJECT MODULE PLACED IN .\Objects\main.obj
COMPILER INVOKED BY: C:\Keil_v5\C166\BIN\C166.EXE main.c MODV2 BROWSE MODV2 DEBUG PRINT(.\Listings\main.lst) TABS(2) OBJ
                    -ECT(.\Objects\main.obj) 

 stmt lvl     source

    1         #include <stdio.h>
    2         #include "XE164F_HS.h"
    3         
    4         void t3power(void);
    5         
    6         void t3init() {
    7  1      
    8  1      }
    9         
   10         void portInit() {
   11  1          // INPUT setzen
   12  1          P0_IOCR00 = 0;
   13  1          P0_IOCR01 = 0;
   14  1          P0_IOCR02 = 0;
   15  1          P0_IOCR03 = 0;
   16  1      
   17  1          // OUTPUT setzen
   18  1          P0_IOCR04 = 1;
   19  1          P0_IOCR05 = 1;
   20  1          P0_IOCR06 = 1;
   21  1          P0_IOCR07 = 1;
   22  1      }
   23         
   24         
   25         void main(void) {
   26  1          portInit();
   27  1      
   28  1          while (1) {
   29  2              if (P0_IOCR00) {
   30  3                  if (P0_IOCR02) {
   31  4                      P0_IOCR04 &= ~P0_IOCR04;
   32  4                      //T3 in LED3 kopieren
   33  4                  } else {
   34  4                      P0_IOCR04 |= P0_IOCR04;
   35  4                      //T3 in LED3 kopieren
   36  4                  }
   37  3              }
   38  2      
   39  2              if (P0_IOCR01) {
   40  3                  if (P0_IOCR03) {
   41  4                      P0_IOCR05 &= ~P0_IOCR05;
   42  4                      //T3 in LED3 kopieren
   43  4                  } else {
   44  4                      P0_IOCR05 |= P0_IOCR05;
   45  4                      //T3 in LED3 kopieren
   46  4                  }
   47  3              }
   48  2          }
   49  1      }


MODULE INFORMATION:   INITIALIZED  UNINITIALIZED
  CODE SIZE        =         132     --------
  NEAR-CONST SIZE  =    --------     --------
C166 COMPILER V7.57.0, MAIN                                                                06/17/2018 15:54:48 PAGE 2   

  FAR-CONST SIZE   =    --------     --------
  HUGE-CONST SIZE  =    --------     --------
  XHUGE-CONST SIZE =    --------     --------
  NEAR-DATA SIZE   =    --------     --------
  FAR-DATA SIZE    =    --------     --------
  XHUGE-DATA SIZE  =    --------     --------
  IDATA-DATA SIZE  =    --------     --------
  SDATA-DATA SIZE  =    --------     --------
  BDATA-DATA SIZE  =    --------     --------
  HUGE-DATA SIZE   =    --------     --------
  BIT SIZE         =    --------     --------
  INIT'L SIZE      =    --------     --------
END OF MODULE INFORMATION.


C166 COMPILATION COMPLETE.  0 WARNING(S),  0 ERROR(S)
